%EventDef PajeDefineContainerType 1
% Type string
% Alias string
% Name string
%EndEventDef

%EventDef PajeCreateContainer 2
% Time date 
% Type string  
% Alias string 
% Name string   
% Container string  
%EndEventDef

%EventDef PajeDestroyContainer 3
% Time date
% Name string 
% Type string
%EndEventDef

%EventDef PajeDefineStateType 4
% Alias string 
% Type string 
% Name string 
%EndEventDef

%EventDef PajeDefineEntityValue 5
% Alias string  
% Type string  
% Name string  
% Color color 
%EndEventDef

%EventDef PajeSetState 6
% Time date  
% Type string  
% Container string  
% Value string  
%EndEventDef 

%EventDef PajeDefineEventType 7
% Type string
% Alias string
% Name string
%EndEventDef

%EventDef PajeNewEvent 8
% Time date
% Type string
% Container string
% Value string
%EndEventDef

%EventDef PajeDefineVariableType 9
% Type string
% Alias string
% Name string
% Color string
%EndEventDef

%EventDef PajeSetVariable 10
% Time date
% Type string
% Container string
% Value double
%EndEventDef

# Container types creation
1 0 root_ct "Machines"
1 root_ct machine_ct "Machine"
1 0 scheduler_ct "Scheduler"
1 scheduler_ct killer_ct "Killer"

# Event types creation
7 killer_ct kk "Job kill"
7 machine_ct km "Job kill"

# Variable types creation
9 scheduler_ct vu_vt "Utilization" "0.0 0.5 0.0"

# Containers creation
2 0.000000 root_ct root "Machines" 0
2 0.000000 machine_ct m0 "a0" root
2 0.000000 machine_ct m1 "a1" root
2 0.000000 machine_ct m2 "a10" root
2 0.000000 machine_ct m3 "a100" root
2 0.000000 machine_ct m4 "a101" root
2 0.000000 machine_ct m5 "a102" root
2 0.000000 machine_ct m6 "a103" root
2 0.000000 machine_ct m7 "a104" root
2 0.000000 machine_ct m8 "a105" root
2 0.000000 machine_ct m9 "a106" root
2 0.000000 machine_ct m10 "a107" root
2 0.000000 machine_ct m11 "a108" root
2 0.000000 machine_ct m12 "a109" root
2 0.000000 machine_ct m13 "a11" root
2 0.000000 machine_ct m14 "a110" root
2 0.000000 machine_ct m15 "a111" root
2 0.000000 machine_ct m16 "a112" root
2 0.000000 machine_ct m17 "a113" root
2 0.000000 machine_ct m18 "a114" root
2 0.000000 machine_ct m19 "a115" root
2 0.000000 machine_ct m20 "a116" root
2 0.000000 machine_ct m21 "a117" root
2 0.000000 machine_ct m22 "a118" root
2 0.000000 machine_ct m23 "a119" root
2 0.000000 machine_ct m24 "a12" root
2 0.000000 machine_ct m25 "a120" root
2 0.000000 machine_ct m26 "a121" root
2 0.000000 machine_ct m27 "a122" root
2 0.000000 machine_ct m28 "a123" root
2 0.000000 machine_ct m29 "a124" root
2 0.000000 machine_ct m30 "a125" root
2 0.000000 machine_ct m31 "a126" root
2 0.000000 machine_ct m32 "a127" root
2 0.000000 machine_ct m33 "a128" root
2 0.000000 machine_ct m34 "a129" root
2 0.000000 machine_ct m35 "a13" root
2 0.000000 machine_ct m36 "a130" root
2 0.000000 machine_ct m37 "a131" root
2 0.000000 machine_ct m38 "a132" root
2 0.000000 machine_ct m39 "a133" root
2 0.000000 machine_ct m40 "a134" root
2 0.000000 machine_ct m41 "a135" root
2 0.000000 machine_ct m42 "a136" root
2 0.000000 machine_ct m43 "a137" root
2 0.000000 machine_ct m44 "a138" root
2 0.000000 machine_ct m45 "a139" root
2 0.000000 machine_ct m46 "a14" root
2 0.000000 machine_ct m47 "a140" root
2 0.000000 machine_ct m48 "a141" root
2 0.000000 machine_ct m49 "a142" root
2 0.000000 machine_ct m50 "a143" root
2 0.000000 machine_ct m51 "a144" root
2 0.000000 machine_ct m52 "a145" root
2 0.000000 machine_ct m53 "a146" root
2 0.000000 machine_ct m54 "a147" root
2 0.000000 machine_ct m55 "a148" root
2 0.000000 machine_ct m56 "a149" root
2 0.000000 machine_ct m57 "a15" root
2 0.000000 machine_ct m58 "a150" root
2 0.000000 machine_ct m59 "a151" root
2 0.000000 machine_ct m60 "a152" root
2 0.000000 machine_ct m61 "a153" root
2 0.000000 machine_ct m62 "a154" root
2 0.000000 machine_ct m63 "a155" root
2 0.000000 machine_ct m64 "a156" root
2 0.000000 machine_ct m65 "a157" root
2 0.000000 machine_ct m66 "a158" root
2 0.000000 machine_ct m67 "a159" root
2 0.000000 machine_ct m68 "a16" root
2 0.000000 machine_ct m69 "a160" root
2 0.000000 machine_ct m70 "a161" root
2 0.000000 machine_ct m71 "a162" root
2 0.000000 machine_ct m72 "a163" root
2 0.000000 machine_ct m73 "a164" root
2 0.000000 machine_ct m74 "a165" root
2 0.000000 machine_ct m75 "a166" root
2 0.000000 machine_ct m76 "a167" root
2 0.000000 machine_ct m77 "a168" root
2 0.000000 machine_ct m78 "a169" root
2 0.000000 machine_ct m79 "a17" root
2 0.000000 machine_ct m80 "a170" root
2 0.000000 machine_ct m81 "a171" root
2 0.000000 machine_ct m82 "a172" root
2 0.000000 machine_ct m83 "a173" root
2 0.000000 machine_ct m84 "a174" root
2 0.000000 machine_ct m85 "a175" root
2 0.000000 machine_ct m86 "a176" root
2 0.000000 machine_ct m87 "a177" root
2 0.000000 machine_ct m88 "a178" root
2 0.000000 machine_ct m89 "a179" root
2 0.000000 machine_ct m90 "a18" root
2 0.000000 machine_ct m91 "a180" root
2 0.000000 machine_ct m92 "a181" root
2 0.000000 machine_ct m93 "a182" root
2 0.000000 machine_ct m94 "a183" root
2 0.000000 machine_ct m95 "a184" root
2 0.000000 machine_ct m96 "a185" root
2 0.000000 machine_ct m97 "a186" root
2 0.000000 machine_ct m98 "a187" root
2 0.000000 machine_ct m99 "a188" root
2 0.000000 machine_ct m100 "a189" root
2 0.000000 machine_ct m101 "a19" root
2 0.000000 machine_ct m102 "a190" root
2 0.000000 machine_ct m103 "a191" root
2 0.000000 machine_ct m104 "a192" root
2 0.000000 machine_ct m105 "a193" root
2 0.000000 machine_ct m106 "a194" root
2 0.000000 machine_ct m107 "a195" root
2 0.000000 machine_ct m108 "a196" root
2 0.000000 machine_ct m109 "a197" root
2 0.000000 machine_ct m110 "a198" root
2 0.000000 machine_ct m111 "a199" root
2 0.000000 machine_ct m112 "a2" root
2 0.000000 machine_ct m113 "a20" root
2 0.000000 machine_ct m114 "a200" root
2 0.000000 machine_ct m115 "a201" root
2 0.000000 machine_ct m116 "a202" root
2 0.000000 machine_ct m117 "a203" root
2 0.000000 machine_ct m118 "a204" root
2 0.000000 machine_ct m119 "a205" root
2 0.000000 machine_ct m120 "a206" root
2 0.000000 machine_ct m121 "a207" root
2 0.000000 machine_ct m122 "a208" root
2 0.000000 machine_ct m123 "a209" root
2 0.000000 machine_ct m124 "a21" root
2 0.000000 machine_ct m125 "a210" root
2 0.000000 machine_ct m126 "a211" root
2 0.000000 machine_ct m127 "a212" root
2 0.000000 machine_ct m128 "a213" root
2 0.000000 machine_ct m129 "a214" root
2 0.000000 machine_ct m130 "a215" root
2 0.000000 machine_ct m131 "a216" root
2 0.000000 machine_ct m132 "a217" root
2 0.000000 machine_ct m133 "a218" root
2 0.000000 machine_ct m134 "a219" root
2 0.000000 machine_ct m135 "a22" root
2 0.000000 machine_ct m136 "a220" root
2 0.000000 machine_ct m137 "a221" root
2 0.000000 machine_ct m138 "a222" root
2 0.000000 machine_ct m139 "a223" root
2 0.000000 machine_ct m140 "a224" root
2 0.000000 machine_ct m141 "a225" root
2 0.000000 machine_ct m142 "a226" root
2 0.000000 machine_ct m143 "a227" root
2 0.000000 machine_ct m144 "a228" root
2 0.000000 machine_ct m145 "a229" root
2 0.000000 machine_ct m146 "a23" root
2 0.000000 machine_ct m147 "a230" root
2 0.000000 machine_ct m148 "a231" root
2 0.000000 machine_ct m149 "a232" root
2 0.000000 machine_ct m150 "a233" root
2 0.000000 machine_ct m151 "a234" root
2 0.000000 machine_ct m152 "a235" root
2 0.000000 machine_ct m153 "a236" root
2 0.000000 machine_ct m154 "a237" root
2 0.000000 machine_ct m155 "a238" root
2 0.000000 machine_ct m156 "a239" root
2 0.000000 machine_ct m157 "a24" root
2 0.000000 machine_ct m158 "a240" root
2 0.000000 machine_ct m159 "a241" root
2 0.000000 machine_ct m160 "a242" root
2 0.000000 machine_ct m161 "a243" root
2 0.000000 machine_ct m162 "a244" root
2 0.000000 machine_ct m163 "a245" root
2 0.000000 machine_ct m164 "a246" root
2 0.000000 machine_ct m165 "a247" root
2 0.000000 machine_ct m166 "a248" root
2 0.000000 machine_ct m167 "a249" root
2 0.000000 machine_ct m168 "a25" root
2 0.000000 machine_ct m169 "a250" root
2 0.000000 machine_ct m170 "a251" root
2 0.000000 machine_ct m171 "a252" root
2 0.000000 machine_ct m172 "a253" root
2 0.000000 machine_ct m173 "a254" root
2 0.000000 machine_ct m174 "a255" root
2 0.000000 machine_ct m175 "a256" root
2 0.000000 machine_ct m176 "a257" root
2 0.000000 machine_ct m177 "a258" root
2 0.000000 machine_ct m178 "a259" root
2 0.000000 machine_ct m179 "a26" root
2 0.000000 machine_ct m180 "a260" root
2 0.000000 machine_ct m181 "a261" root
2 0.000000 machine_ct m182 "a262" root
2 0.000000 machine_ct m183 "a263" root
2 0.000000 machine_ct m184 "a264" root
2 0.000000 machine_ct m185 "a265" root
2 0.000000 machine_ct m186 "a266" root
2 0.000000 machine_ct m187 "a267" root
2 0.000000 machine_ct m188 "a268" root
2 0.000000 machine_ct m189 "a269" root
2 0.000000 machine_ct m190 "a27" root
2 0.000000 machine_ct m191 "a270" root
2 0.000000 machine_ct m192 "a271" root
2 0.000000 machine_ct m193 "a272" root
2 0.000000 machine_ct m194 "a273" root
2 0.000000 machine_ct m195 "a274" root
2 0.000000 machine_ct m196 "a275" root
2 0.000000 machine_ct m197 "a276" root
2 0.000000 machine_ct m198 "a277" root
2 0.000000 machine_ct m199 "a278" root
2 0.000000 machine_ct m200 "a279" root
2 0.000000 machine_ct m201 "a28" root
2 0.000000 machine_ct m202 "a280" root
2 0.000000 machine_ct m203 "a281" root
2 0.000000 machine_ct m204 "a282" root
2 0.000000 machine_ct m205 "a283" root
2 0.000000 machine_ct m206 "a284" root
2 0.000000 machine_ct m207 "a285" root
2 0.000000 machine_ct m208 "a286" root
2 0.000000 machine_ct m209 "a287" root
2 0.000000 machine_ct m210 "a288" root
2 0.000000 machine_ct m211 "a289" root
2 0.000000 machine_ct m212 "a29" root
2 0.000000 machine_ct m213 "a290" root
2 0.000000 machine_ct m214 "a291" root
2 0.000000 machine_ct m215 "a292" root
2 0.000000 machine_ct m216 "a293" root
2 0.000000 machine_ct m217 "a294" root
2 0.000000 machine_ct m218 "a295" root
2 0.000000 machine_ct m219 "a296" root
2 0.000000 machine_ct m220 "a297" root
2 0.000000 machine_ct m221 "a298" root
2 0.000000 machine_ct m222 "a299" root
2 0.000000 machine_ct m223 "a3" root
2 0.000000 machine_ct m224 "a30" root
2 0.000000 machine_ct m225 "a300" root
2 0.000000 machine_ct m226 "a301" root
2 0.000000 machine_ct m227 "a302" root
2 0.000000 machine_ct m228 "a303" root
2 0.000000 machine_ct m229 "a304" root
2 0.000000 machine_ct m230 "a305" root
2 0.000000 machine_ct m231 "a306" root
2 0.000000 machine_ct m232 "a307" root
2 0.000000 machine_ct m233 "a308" root
2 0.000000 machine_ct m234 "a309" root
2 0.000000 machine_ct m235 "a31" root
2 0.000000 machine_ct m236 "a310" root
2 0.000000 machine_ct m237 "a311" root
2 0.000000 machine_ct m238 "a312" root
2 0.000000 machine_ct m239 "a313" root
2 0.000000 machine_ct m240 "a314" root
2 0.000000 machine_ct m241 "a315" root
2 0.000000 machine_ct m242 "a316" root
2 0.000000 machine_ct m243 "a317" root
2 0.000000 machine_ct m244 "a318" root
2 0.000000 machine_ct m245 "a319" root
2 0.000000 machine_ct m246 "a32" root
2 0.000000 machine_ct m247 "a320" root
2 0.000000 machine_ct m248 "a321" root
2 0.000000 machine_ct m249 "a322" root
2 0.000000 machine_ct m250 "a323" root
2 0.000000 machine_ct m251 "a324" root
2 0.000000 machine_ct m252 "a325" root
2 0.000000 machine_ct m253 "a326" root
2 0.000000 machine_ct m254 "a327" root
2 0.000000 machine_ct m255 "a328" root
2 0.000000 machine_ct m256 "a329" root
2 0.000000 machine_ct m257 "a33" root
2 0.000000 machine_ct m258 "a330" root
2 0.000000 machine_ct m259 "a331" root
2 0.000000 machine_ct m260 "a332" root
2 0.000000 machine_ct m261 "a333" root
2 0.000000 machine_ct m262 "a334" root
2 0.000000 machine_ct m263 "a335" root
2 0.000000 machine_ct m264 "a336" root
2 0.000000 machine_ct m265 "a337" root
2 0.000000 machine_ct m266 "a338" root
2 0.000000 machine_ct m267 "a339" root
2 0.000000 machine_ct m268 "a34" root
2 0.000000 machine_ct m269 "a340" root
2 0.000000 machine_ct m270 "a341" root
2 0.000000 machine_ct m271 "a342" root
2 0.000000 machine_ct m272 "a343" root
2 0.000000 machine_ct m273 "a344" root
2 0.000000 machine_ct m274 "a345" root
2 0.000000 machine_ct m275 "a346" root
2 0.000000 machine_ct m276 "a347" root
2 0.000000 machine_ct m277 "a348" root
2 0.000000 machine_ct m278 "a349" root
2 0.000000 machine_ct m279 "a35" root
2 0.000000 machine_ct m280 "a350" root
2 0.000000 machine_ct m281 "a351" root
2 0.000000 machine_ct m282 "a352" root
2 0.000000 machine_ct m283 "a353" root
2 0.000000 machine_ct m284 "a354" root
2 0.000000 machine_ct m285 "a355" root
2 0.000000 machine_ct m286 "a356" root
2 0.000000 machine_ct m287 "a357" root
2 0.000000 machine_ct m288 "a358" root
2 0.000000 machine_ct m289 "a359" root
2 0.000000 machine_ct m290 "a36" root
2 0.000000 machine_ct m291 "a360" root
2 0.000000 machine_ct m292 "a361" root
2 0.000000 machine_ct m293 "a362" root
2 0.000000 machine_ct m294 "a363" root
2 0.000000 machine_ct m295 "a364" root
2 0.000000 machine_ct m296 "a365" root
2 0.000000 machine_ct m297 "a366" root
2 0.000000 machine_ct m298 "a367" root
2 0.000000 machine_ct m299 "a368" root
2 0.000000 machine_ct m300 "a369" root
2 0.000000 machine_ct m301 "a37" root
2 0.000000 machine_ct m302 "a370" root
2 0.000000 machine_ct m303 "a371" root
2 0.000000 machine_ct m304 "a372" root
2 0.000000 machine_ct m305 "a373" root
2 0.000000 machine_ct m306 "a374" root
2 0.000000 machine_ct m307 "a375" root
2 0.000000 machine_ct m308 "a376" root
2 0.000000 machine_ct m309 "a377" root
2 0.000000 machine_ct m310 "a378" root
2 0.000000 machine_ct m311 "a379" root
2 0.000000 machine_ct m312 "a38" root
2 0.000000 machine_ct m313 "a380" root
2 0.000000 machine_ct m314 "a381" root
2 0.000000 machine_ct m315 "a382" root
2 0.000000 machine_ct m316 "a383" root
2 0.000000 machine_ct m317 "a384" root
2 0.000000 machine_ct m318 "a385" root
2 0.000000 machine_ct m319 "a386" root
2 0.000000 machine_ct m320 "a387" root
2 0.000000 machine_ct m321 "a388" root
2 0.000000 machine_ct m322 "a389" root
2 0.000000 machine_ct m323 "a39" root
2 0.000000 machine_ct m324 "a390" root
2 0.000000 machine_ct m325 "a391" root
2 0.000000 machine_ct m326 "a392" root
2 0.000000 machine_ct m327 "a393" root
2 0.000000 machine_ct m328 "a394" root
2 0.000000 machine_ct m329 "a395" root
2 0.000000 machine_ct m330 "a396" root
2 0.000000 machine_ct m331 "a397" root
2 0.000000 machine_ct m332 "a398" root
2 0.000000 machine_ct m333 "a399" root
2 0.000000 machine_ct m334 "a4" root
2 0.000000 machine_ct m335 "a40" root
2 0.000000 machine_ct m336 "a400" root
2 0.000000 machine_ct m337 "a401" root
2 0.000000 machine_ct m338 "a402" root
2 0.000000 machine_ct m339 "a403" root
2 0.000000 machine_ct m340 "a404" root
2 0.000000 machine_ct m341 "a405" root
2 0.000000 machine_ct m342 "a406" root
2 0.000000 machine_ct m343 "a407" root
2 0.000000 machine_ct m344 "a408" root
2 0.000000 machine_ct m345 "a409" root
2 0.000000 machine_ct m346 "a41" root
2 0.000000 machine_ct m347 "a410" root
2 0.000000 machine_ct m348 "a411" root
2 0.000000 machine_ct m349 "a412" root
2 0.000000 machine_ct m350 "a413" root
2 0.000000 machine_ct m351 "a414" root
2 0.000000 machine_ct m352 "a415" root
2 0.000000 machine_ct m353 "a416" root
2 0.000000 machine_ct m354 "a417" root
2 0.000000 machine_ct m355 "a418" root
2 0.000000 machine_ct m356 "a419" root
2 0.000000 machine_ct m357 "a42" root
2 0.000000 machine_ct m358 "a420" root
2 0.000000 machine_ct m359 "a421" root
2 0.000000 machine_ct m360 "a422" root
2 0.000000 machine_ct m361 "a423" root
2 0.000000 machine_ct m362 "a424" root
2 0.000000 machine_ct m363 "a425" root
2 0.000000 machine_ct m364 "a426" root
2 0.000000 machine_ct m365 "a427" root
2 0.000000 machine_ct m366 "a428" root
2 0.000000 machine_ct m367 "a429" root
2 0.000000 machine_ct m368 "a43" root
2 0.000000 machine_ct m369 "a430" root
2 0.000000 machine_ct m370 "a431" root
2 0.000000 machine_ct m371 "a432" root
2 0.000000 machine_ct m372 "a433" root
2 0.000000 machine_ct m373 "a434" root
2 0.000000 machine_ct m374 "a435" root
2 0.000000 machine_ct m375 "a436" root
2 0.000000 machine_ct m376 "a437" root
2 0.000000 machine_ct m377 "a438" root
2 0.000000 machine_ct m378 "a439" root
2 0.000000 machine_ct m379 "a44" root
2 0.000000 machine_ct m380 "a440" root
2 0.000000 machine_ct m381 "a441" root
2 0.000000 machine_ct m382 "a442" root
2 0.000000 machine_ct m383 "a443" root
2 0.000000 machine_ct m384 "a444" root
2 0.000000 machine_ct m385 "a445" root
2 0.000000 machine_ct m386 "a446" root
2 0.000000 machine_ct m387 "a447" root
2 0.000000 machine_ct m388 "a448" root
2 0.000000 machine_ct m389 "a449" root
2 0.000000 machine_ct m390 "a45" root
2 0.000000 machine_ct m391 "a450" root
2 0.000000 machine_ct m392 "a451" root
2 0.000000 machine_ct m393 "a452" root
2 0.000000 machine_ct m394 "a453" root
2 0.000000 machine_ct m395 "a454" root
2 0.000000 machine_ct m396 "a455" root
2 0.000000 machine_ct m397 "a456" root
2 0.000000 machine_ct m398 "a457" root
2 0.000000 machine_ct m399 "a458" root
2 0.000000 machine_ct m400 "a459" root
2 0.000000 machine_ct m401 "a46" root
2 0.000000 machine_ct m402 "a460" root
2 0.000000 machine_ct m403 "a461" root
2 0.000000 machine_ct m404 "a462" root
2 0.000000 machine_ct m405 "a463" root
2 0.000000 machine_ct m406 "a464" root
2 0.000000 machine_ct m407 "a465" root
2 0.000000 machine_ct m408 "a466" root
2 0.000000 machine_ct m409 "a467" root
2 0.000000 machine_ct m410 "a468" root
2 0.000000 machine_ct m411 "a469" root
2 0.000000 machine_ct m412 "a47" root
2 0.000000 machine_ct m413 "a470" root
2 0.000000 machine_ct m414 "a471" root
2 0.000000 machine_ct m415 "a472" root
2 0.000000 machine_ct m416 "a473" root
2 0.000000 machine_ct m417 "a474" root
2 0.000000 machine_ct m418 "a475" root
2 0.000000 machine_ct m419 "a476" root
2 0.000000 machine_ct m420 "a477" root
2 0.000000 machine_ct m421 "a478" root
2 0.000000 machine_ct m422 "a479" root
2 0.000000 machine_ct m423 "a48" root
2 0.000000 machine_ct m424 "a480" root
2 0.000000 machine_ct m425 "a481" root
2 0.000000 machine_ct m426 "a482" root
2 0.000000 machine_ct m427 "a483" root
2 0.000000 machine_ct m428 "a484" root
2 0.000000 machine_ct m429 "a485" root
2 0.000000 machine_ct m430 "a486" root
2 0.000000 machine_ct m431 "a487" root
2 0.000000 machine_ct m432 "a488" root
2 0.000000 machine_ct m433 "a489" root
2 0.000000 machine_ct m434 "a49" root
2 0.000000 machine_ct m435 "a490" root
2 0.000000 machine_ct m436 "a491" root
2 0.000000 machine_ct m437 "a492" root
2 0.000000 machine_ct m438 "a493" root
2 0.000000 machine_ct m439 "a494" root
2 0.000000 machine_ct m440 "a495" root
2 0.000000 machine_ct m441 "a496" root
2 0.000000 machine_ct m442 "a497" root
2 0.000000 machine_ct m443 "a498" root
2 0.000000 machine_ct m444 "a499" root
2 0.000000 machine_ct m445 "a5" root
2 0.000000 machine_ct m446 "a50" root
2 0.000000 machine_ct m447 "a500" root
2 0.000000 machine_ct m448 "a501" root
2 0.000000 machine_ct m449 "a502" root
2 0.000000 machine_ct m450 "a503" root
2 0.000000 machine_ct m451 "a504" root
2 0.000000 machine_ct m452 "a505" root
2 0.000000 machine_ct m453 "a506" root
2 0.000000 machine_ct m454 "a507" root
2 0.000000 machine_ct m455 "a508" root
2 0.000000 machine_ct m456 "a509" root
2 0.000000 machine_ct m457 "a51" root
2 0.000000 machine_ct m458 "a510" root
2 0.000000 machine_ct m459 "a511" root
2 0.000000 machine_ct m460 "a52" root
2 0.000000 machine_ct m461 "a53" root
2 0.000000 machine_ct m462 "a54" root
2 0.000000 machine_ct m463 "a55" root
2 0.000000 machine_ct m464 "a56" root
2 0.000000 machine_ct m465 "a57" root
2 0.000000 machine_ct m466 "a58" root
2 0.000000 machine_ct m467 "a59" root
2 0.000000 machine_ct m468 "a6" root
2 0.000000 machine_ct m469 "a60" root
2 0.000000 machine_ct m470 "a61" root
2 0.000000 machine_ct m471 "a62" root
2 0.000000 machine_ct m472 "a63" root
2 0.000000 machine_ct m473 "a64" root
2 0.000000 machine_ct m474 "a65" root
2 0.000000 machine_ct m475 "a66" root
2 0.000000 machine_ct m476 "a67" root
2 0.000000 machine_ct m477 "a68" root
2 0.000000 machine_ct m478 "a69" root
2 0.000000 machine_ct m479 "a7" root
2 0.000000 machine_ct m480 "a70" root
2 0.000000 machine_ct m481 "a71" root
2 0.000000 machine_ct m482 "a72" root
2 0.000000 machine_ct m483 "a73" root
2 0.000000 machine_ct m484 "a74" root
2 0.000000 machine_ct m485 "a75" root
2 0.000000 machine_ct m486 "a76" root
2 0.000000 machine_ct m487 "a77" root
2 0.000000 machine_ct m488 "a78" root
2 0.000000 machine_ct m489 "a79" root
2 0.000000 machine_ct m490 "a8" root
2 0.000000 machine_ct m491 "a80" root
2 0.000000 machine_ct m492 "a81" root
2 0.000000 machine_ct m493 "a82" root
2 0.000000 machine_ct m494 "a83" root
2 0.000000 machine_ct m495 "a84" root
2 0.000000 machine_ct m496 "a85" root
2 0.000000 machine_ct m497 "a86" root
2 0.000000 machine_ct m498 "a87" root
2 0.000000 machine_ct m499 "a88" root
2 0.000000 machine_ct m500 "a89" root
2 0.000000 machine_ct m501 "a9" root
2 0.000000 machine_ct m502 "a90" root
2 0.000000 machine_ct m503 "a91" root
2 0.000000 machine_ct m504 "a92" root
2 0.000000 machine_ct m505 "a93" root
2 0.000000 machine_ct m506 "a94" root
2 0.000000 machine_ct m507 "a95" root
2 0.000000 machine_ct m508 "a96" root
2 0.000000 machine_ct m509 "a97" root
2 0.000000 machine_ct m510 "a98" root
2 0.000000 machine_ct m511 "a99" root
2 0.000000 scheduler_ct sc "Scheduler" 0
2 0.000000 killer_ct k "Killer" sc

# States creation
4 machine_state machine_ct "Machine state"

# Creation of the different values the machine state can be
5 w machine_state "Waiting" "0.0 0.0 0.0"
5 l machine_state "Launching" "0.3 0.3 0.3"

# Begin of events
6 0.000000 machine_state m0 w
6 0.000000 machine_state m1 w
6 0.000000 machine_state m2 w
6 0.000000 machine_state m3 w
6 0.000000 machine_state m4 w
6 0.000000 machine_state m5 w
6 0.000000 machine_state m6 w
6 0.000000 machine_state m7 w
6 0.000000 machine_state m8 w
6 0.000000 machine_state m9 w
6 0.000000 machine_state m10 w
6 0.000000 machine_state m11 w
6 0.000000 machine_state m12 w
6 0.000000 machine_state m13 w
6 0.000000 machine_state m14 w
6 0.000000 machine_state m15 w
6 0.000000 machine_state m16 w
6 0.000000 machine_state m17 w
6 0.000000 machine_state m18 w
6 0.000000 machine_state m19 w
6 0.000000 machine_state m20 w
6 0.000000 machine_state m21 w
6 0.000000 machine_state m22 w
6 0.000000 machine_state m23 w
6 0.000000 machine_state m24 w
6 0.000000 machine_state m25 w
6 0.000000 machine_state m26 w
6 0.000000 machine_state m27 w
6 0.000000 machine_state m28 w
6 0.000000 machine_state m29 w
6 0.000000 machine_state m30 w
6 0.000000 machine_state m31 w
6 0.000000 machine_state m32 w
6 0.000000 machine_state m33 w
6 0.000000 machine_state m34 w
6 0.000000 machine_state m35 w
6 0.000000 machine_state m36 w
6 0.000000 machine_state m37 w
6 0.000000 machine_state m38 w
6 0.000000 machine_state m39 w
6 0.000000 machine_state m40 w
6 0.000000 machine_state m41 w
6 0.000000 machine_state m42 w
6 0.000000 machine_state m43 w
6 0.000000 machine_state m44 w
6 0.000000 machine_state m45 w
6 0.000000 machine_state m46 w
6 0.000000 machine_state m47 w
6 0.000000 machine_state m48 w
6 0.000000 machine_state m49 w
6 0.000000 machine_state m50 w
6 0.000000 machine_state m51 w
6 0.000000 machine_state m52 w
6 0.000000 machine_state m53 w
6 0.000000 machine_state m54 w
6 0.000000 machine_state m55 w
6 0.000000 machine_state m56 w
6 0.000000 machine_state m57 w
6 0.000000 machine_state m58 w
6 0.000000 machine_state m59 w
6 0.000000 machine_state m60 w
6 0.000000 machine_state m61 w
6 0.000000 machine_state m62 w
6 0.000000 machine_state m63 w
6 0.000000 machine_state m64 w
6 0.000000 machine_state m65 w
6 0.000000 machine_state m66 w
6 0.000000 machine_state m67 w
6 0.000000 machine_state m68 w
6 0.000000 machine_state m69 w
6 0.000000 machine_state m70 w
6 0.000000 machine_state m71 w
6 0.000000 machine_state m72 w
6 0.000000 machine_state m73 w
6 0.000000 machine_state m74 w
6 0.000000 machine_state m75 w
6 0.000000 machine_state m76 w
6 0.000000 machine_state m77 w
6 0.000000 machine_state m78 w
6 0.000000 machine_state m79 w
6 0.000000 machine_state m80 w
6 0.000000 machine_state m81 w
6 0.000000 machine_state m82 w
6 0.000000 machine_state m83 w
6 0.000000 machine_state m84 w
6 0.000000 machine_state m85 w
6 0.000000 machine_state m86 w
6 0.000000 machine_state m87 w
6 0.000000 machine_state m88 w
6 0.000000 machine_state m89 w
6 0.000000 machine_state m90 w
6 0.000000 machine_state m91 w
6 0.000000 machine_state m92 w
6 0.000000 machine_state m93 w
6 0.000000 machine_state m94 w
6 0.000000 machine_state m95 w
6 0.000000 machine_state m96 w
6 0.000000 machine_state m97 w
6 0.000000 machine_state m98 w
6 0.000000 machine_state m99 w
6 0.000000 machine_state m100 w
6 0.000000 machine_state m101 w
6 0.000000 machine_state m102 w
6 0.000000 machine_state m103 w
6 0.000000 machine_state m104 w
6 0.000000 machine_state m105 w
6 0.000000 machine_state m106 w
6 0.000000 machine_state m107 w
6 0.000000 machine_state m108 w
6 0.000000 machine_state m109 w
6 0.000000 machine_state m110 w
6 0.000000 machine_state m111 w
6 0.000000 machine_state m112 w
6 0.000000 machine_state m113 w
6 0.000000 machine_state m114 w
6 0.000000 machine_state m115 w
6 0.000000 machine_state m116 w
6 0.000000 machine_state m117 w
6 0.000000 machine_state m118 w
6 0.000000 machine_state m119 w
6 0.000000 machine_state m120 w
6 0.000000 machine_state m121 w
6 0.000000 machine_state m122 w
6 0.000000 machine_state m123 w
6 0.000000 machine_state m124 w
6 0.000000 machine_state m125 w
6 0.000000 machine_state m126 w
6 0.000000 machine_state m127 w
6 0.000000 machine_state m128 w
6 0.000000 machine_state m129 w
6 0.000000 machine_state m130 w
6 0.000000 machine_state m131 w
6 0.000000 machine_state m132 w
6 0.000000 machine_state m133 w
6 0.000000 machine_state m134 w
6 0.000000 machine_state m135 w
6 0.000000 machine_state m136 w
6 0.000000 machine_state m137 w
6 0.000000 machine_state m138 w
6 0.000000 machine_state m139 w
6 0.000000 machine_state m140 w
6 0.000000 machine_state m141 w
6 0.000000 machine_state m142 w
6 0.000000 machine_state m143 w
6 0.000000 machine_state m144 w
6 0.000000 machine_state m145 w
6 0.000000 machine_state m146 w
6 0.000000 machine_state m147 w
6 0.000000 machine_state m148 w
6 0.000000 machine_state m149 w
6 0.000000 machine_state m150 w
6 0.000000 machine_state m151 w
6 0.000000 machine_state m152 w
6 0.000000 machine_state m153 w
6 0.000000 machine_state m154 w
6 0.000000 machine_state m155 w
6 0.000000 machine_state m156 w
6 0.000000 machine_state m157 w
6 0.000000 machine_state m158 w
6 0.000000 machine_state m159 w
6 0.000000 machine_state m160 w
6 0.000000 machine_state m161 w
6 0.000000 machine_state m162 w
6 0.000000 machine_state m163 w
6 0.000000 machine_state m164 w
6 0.000000 machine_state m165 w
6 0.000000 machine_state m166 w
6 0.000000 machine_state m167 w
6 0.000000 machine_state m168 w
6 0.000000 machine_state m169 w
6 0.000000 machine_state m170 w
6 0.000000 machine_state m171 w
6 0.000000 machine_state m172 w
6 0.000000 machine_state m173 w
6 0.000000 machine_state m174 w
6 0.000000 machine_state m175 w
6 0.000000 machine_state m176 w
6 0.000000 machine_state m177 w
6 0.000000 machine_state m178 w
6 0.000000 machine_state m179 w
6 0.000000 machine_state m180 w
6 0.000000 machine_state m181 w
6 0.000000 machine_state m182 w
6 0.000000 machine_state m183 w
6 0.000000 machine_state m184 w
6 0.000000 machine_state m185 w
6 0.000000 machine_state m186 w
6 0.000000 machine_state m187 w
6 0.000000 machine_state m188 w
6 0.000000 machine_state m189 w
6 0.000000 machine_state m190 w
6 0.000000 machine_state m191 w
6 0.000000 machine_state m192 w
6 0.000000 machine_state m193 w
6 0.000000 machine_state m194 w
6 0.000000 machine_state m195 w
6 0.000000 machine_state m196 w
6 0.000000 machine_state m197 w
6 0.000000 machine_state m198 w
6 0.000000 machine_state m199 w
6 0.000000 machine_state m200 w
6 0.000000 machine_state m201 w
6 0.000000 machine_state m202 w
6 0.000000 machine_state m203 w
6 0.000000 machine_state m204 w
6 0.000000 machine_state m205 w
6 0.000000 machine_state m206 w
6 0.000000 machine_state m207 w
6 0.000000 machine_state m208 w
6 0.000000 machine_state m209 w
6 0.000000 machine_state m210 w
6 0.000000 machine_state m211 w
6 0.000000 machine_state m212 w
6 0.000000 machine_state m213 w
6 0.000000 machine_state m214 w
6 0.000000 machine_state m215 w
6 0.000000 machine_state m216 w
6 0.000000 machine_state m217 w
6 0.000000 machine_state m218 w
6 0.000000 machine_state m219 w
6 0.000000 machine_state m220 w
6 0.000000 machine_state m221 w
6 0.000000 machine_state m222 w
6 0.000000 machine_state m223 w
6 0.000000 machine_state m224 w
6 0.000000 machine_state m225 w
6 0.000000 machine_state m226 w
6 0.000000 machine_state m227 w
6 0.000000 machine_state m228 w
6 0.000000 machine_state m229 w
6 0.000000 machine_state m230 w
6 0.000000 machine_state m231 w
6 0.000000 machine_state m232 w
6 0.000000 machine_state m233 w
6 0.000000 machine_state m234 w
6 0.000000 machine_state m235 w
6 0.000000 machine_state m236 w
6 0.000000 machine_state m237 w
6 0.000000 machine_state m238 w
6 0.000000 machine_state m239 w
6 0.000000 machine_state m240 w
6 0.000000 machine_state m241 w
6 0.000000 machine_state m242 w
6 0.000000 machine_state m243 w
6 0.000000 machine_state m244 w
6 0.000000 machine_state m245 w
6 0.000000 machine_state m246 w
6 0.000000 machine_state m247 w
6 0.000000 machine_state m248 w
6 0.000000 machine_state m249 w
6 0.000000 machine_state m250 w
6 0.000000 machine_state m251 w
6 0.000000 machine_state m252 w
6 0.000000 machine_state m253 w
6 0.000000 machine_state m254 w
6 0.000000 machine_state m255 w
6 0.000000 machine_state m256 w
6 0.000000 machine_state m257 w
6 0.000000 machine_state m258 w
6 0.000000 machine_state m259 w
6 0.000000 machine_state m260 w
6 0.000000 machine_state m261 w
6 0.000000 machine_state m262 w
6 0.000000 machine_state m263 w
6 0.000000 machine_state m264 w
6 0.000000 machine_state m265 w
6 0.000000 machine_state m266 w
6 0.000000 machine_state m267 w
6 0.000000 machine_state m268 w
6 0.000000 machine_state m269 w
6 0.000000 machine_state m270 w
6 0.000000 machine_state m271 w
6 0.000000 machine_state m272 w
6 0.000000 machine_state m273 w
6 0.000000 machine_state m274 w
6 0.000000 machine_state m275 w
6 0.000000 machine_state m276 w
6 0.000000 machine_state m277 w
6 0.000000 machine_state m278 w
6 0.000000 machine_state m279 w
6 0.000000 machine_state m280 w
6 0.000000 machine_state m281 w
6 0.000000 machine_state m282 w
6 0.000000 machine_state m283 w
6 0.000000 machine_state m284 w
6 0.000000 machine_state m285 w
6 0.000000 machine_state m286 w
6 0.000000 machine_state m287 w
6 0.000000 machine_state m288 w
6 0.000000 machine_state m289 w
6 0.000000 machine_state m290 w
6 0.000000 machine_state m291 w
6 0.000000 machine_state m292 w
6 0.000000 machine_state m293 w
6 0.000000 machine_state m294 w
6 0.000000 machine_state m295 w
6 0.000000 machine_state m296 w
6 0.000000 machine_state m297 w
6 0.000000 machine_state m298 w
6 0.000000 machine_state m299 w
6 0.000000 machine_state m300 w
6 0.000000 machine_state m301 w
6 0.000000 machine_state m302 w
6 0.000000 machine_state m303 w
6 0.000000 machine_state m304 w
6 0.000000 machine_state m305 w
6 0.000000 machine_state m306 w
6 0.000000 machine_state m307 w
6 0.000000 machine_state m308 w
6 0.000000 machine_state m309 w
6 0.000000 machine_state m310 w
6 0.000000 machine_state m311 w
6 0.000000 machine_state m312 w
6 0.000000 machine_state m313 w
6 0.000000 machine_state m314 w
6 0.000000 machine_state m315 w
6 0.000000 machine_state m316 w
6 0.000000 machine_state m317 w
6 0.000000 machine_state m318 w
6 0.000000 machine_state m319 w
6 0.000000 machine_state m320 w
6 0.000000 machine_state m321 w
6 0.000000 machine_state m322 w
6 0.000000 machine_state m323 w
6 0.000000 machine_state m324 w
6 0.000000 machine_state m325 w
6 0.000000 machine_state m326 w
6 0.000000 machine_state m327 w
6 0.000000 machine_state m328 w
6 0.000000 machine_state m329 w
6 0.000000 machine_state m330 w
6 0.000000 machine_state m331 w
6 0.000000 machine_state m332 w
6 0.000000 machine_state m333 w
6 0.000000 machine_state m334 w
6 0.000000 machine_state m335 w
6 0.000000 machine_state m336 w
6 0.000000 machine_state m337 w
6 0.000000 machine_state m338 w
6 0.000000 machine_state m339 w
6 0.000000 machine_state m340 w
6 0.000000 machine_state m341 w
6 0.000000 machine_state m342 w
6 0.000000 machine_state m343 w
6 0.000000 machine_state m344 w
6 0.000000 machine_state m345 w
6 0.000000 machine_state m346 w
6 0.000000 machine_state m347 w
6 0.000000 machine_state m348 w
6 0.000000 machine_state m349 w
6 0.000000 machine_state m350 w
6 0.000000 machine_state m351 w
6 0.000000 machine_state m352 w
6 0.000000 machine_state m353 w
6 0.000000 machine_state m354 w
6 0.000000 machine_state m355 w
6 0.000000 machine_state m356 w
6 0.000000 machine_state m357 w
6 0.000000 machine_state m358 w
6 0.000000 machine_state m359 w
6 0.000000 machine_state m360 w
6 0.000000 machine_state m361 w
6 0.000000 machine_state m362 w
6 0.000000 machine_state m363 w
6 0.000000 machine_state m364 w
6 0.000000 machine_state m365 w
6 0.000000 machine_state m366 w
6 0.000000 machine_state m367 w
6 0.000000 machine_state m368 w
6 0.000000 machine_state m369 w
6 0.000000 machine_state m370 w
6 0.000000 machine_state m371 w
6 0.000000 machine_state m372 w
6 0.000000 machine_state m373 w
6 0.000000 machine_state m374 w
6 0.000000 machine_state m375 w
6 0.000000 machine_state m376 w
6 0.000000 machine_state m377 w
6 0.000000 machine_state m378 w
6 0.000000 machine_state m379 w
6 0.000000 machine_state m380 w
6 0.000000 machine_state m381 w
6 0.000000 machine_state m382 w
6 0.000000 machine_state m383 w
6 0.000000 machine_state m384 w
6 0.000000 machine_state m385 w
6 0.000000 machine_state m386 w
6 0.000000 machine_state m387 w
6 0.000000 machine_state m388 w
6 0.000000 machine_state m389 w
6 0.000000 machine_state m390 w
6 0.000000 machine_state m391 w
6 0.000000 machine_state m392 w
6 0.000000 machine_state m393 w
6 0.000000 machine_state m394 w
6 0.000000 machine_state m395 w
6 0.000000 machine_state m396 w
6 0.000000 machine_state m397 w
6 0.000000 machine_state m398 w
6 0.000000 machine_state m399 w
6 0.000000 machine_state m400 w
6 0.000000 machine_state m401 w
6 0.000000 machine_state m402 w
6 0.000000 machine_state m403 w
6 0.000000 machine_state m404 w
6 0.000000 machine_state m405 w
6 0.000000 machine_state m406 w
6 0.000000 machine_state m407 w
6 0.000000 machine_state m408 w
6 0.000000 machine_state m409 w
6 0.000000 machine_state m410 w
6 0.000000 machine_state m411 w
6 0.000000 machine_state m412 w
6 0.000000 machine_state m413 w
6 0.000000 machine_state m414 w
6 0.000000 machine_state m415 w
6 0.000000 machine_state m416 w
6 0.000000 machine_state m417 w
6 0.000000 machine_state m418 w
6 0.000000 machine_state m419 w
6 0.000000 machine_state m420 w
6 0.000000 machine_state m421 w
6 0.000000 machine_state m422 w
6 0.000000 machine_state m423 w
6 0.000000 machine_state m424 w
6 0.000000 machine_state m425 w
6 0.000000 machine_state m426 w
6 0.000000 machine_state m427 w
6 0.000000 machine_state m428 w
6 0.000000 machine_state m429 w
6 0.000000 machine_state m430 w
6 0.000000 machine_state m431 w
6 0.000000 machine_state m432 w
6 0.000000 machine_state m433 w
6 0.000000 machine_state m434 w
6 0.000000 machine_state m435 w
6 0.000000 machine_state m436 w
6 0.000000 machine_state m437 w
6 0.000000 machine_state m438 w
6 0.000000 machine_state m439 w
6 0.000000 machine_state m440 w
6 0.000000 machine_state m441 w
6 0.000000 machine_state m442 w
6 0.000000 machine_state m443 w
6 0.000000 machine_state m444 w
6 0.000000 machine_state m445 w
6 0.000000 machine_state m446 w
6 0.000000 machine_state m447 w
6 0.000000 machine_state m448 w
6 0.000000 machine_state m449 w
6 0.000000 machine_state m450 w
6 0.000000 machine_state m451 w
6 0.000000 machine_state m452 w
6 0.000000 machine_state m453 w
6 0.000000 machine_state m454 w
6 0.000000 machine_state m455 w
6 0.000000 machine_state m456 w
6 0.000000 machine_state m457 w
6 0.000000 machine_state m458 w
6 0.000000 machine_state m459 w
6 0.000000 machine_state m460 w
6 0.000000 machine_state m461 w
6 0.000000 machine_state m462 w
6 0.000000 machine_state m463 w
6 0.000000 machine_state m464 w
6 0.000000 machine_state m465 w
6 0.000000 machine_state m466 w
6 0.000000 machine_state m467 w
6 0.000000 machine_state m468 w
6 0.000000 machine_state m469 w
6 0.000000 machine_state m470 w
6 0.000000 machine_state m471 w
6 0.000000 machine_state m472 w
6 0.000000 machine_state m473 w
6 0.000000 machine_state m474 w
6 0.000000 machine_state m475 w
6 0.000000 machine_state m476 w
6 0.000000 machine_state m477 w
6 0.000000 machine_state m478 w
6 0.000000 machine_state m479 w
6 0.000000 machine_state m480 w
6 0.000000 machine_state m481 w
6 0.000000 machine_state m482 w
6 0.000000 machine_state m483 w
6 0.000000 machine_state m484 w
6 0.000000 machine_state m485 w
6 0.000000 machine_state m486 w
6 0.000000 machine_state m487 w
6 0.000000 machine_state m488 w
6 0.000000 machine_state m489 w
6 0.000000 machine_state m490 w
6 0.000000 machine_state m491 w
6 0.000000 machine_state m492 w
6 0.000000 machine_state m493 w
6 0.000000 machine_state m494 w
6 0.000000 machine_state m495 w
6 0.000000 machine_state m496 w
6 0.000000 machine_state m497 w
6 0.000000 machine_state m498 w
6 0.000000 machine_state m499 w
6 0.000000 machine_state m500 w
6 0.000000 machine_state m501 w
6 0.000000 machine_state m502 w
6 0.000000 machine_state m503 w
6 0.000000 machine_state m504 w
6 0.000000 machine_state m505 w
6 0.000000 machine_state m506 w
6 0.000000 machine_state m507 w
6 0.000000 machine_state m508 w
6 0.000000 machine_state m509 w
6 0.000000 machine_state m510 w
6 0.000000 machine_state m511 w
5 jw0!0 machine_state "w0!0" "0.968750 0.000000 1.000000"
6 1.001200 machine_state m0 jw0!0
6 1.001200 machine_state m1 jw0!0
6 1.001200 machine_state m2 jw0!0
6 1.001200 machine_state m3 jw0!0
6 1.025800 machine_state m0 w
6 1.025800 machine_state m1 w
6 1.025800 machine_state m2 w
6 1.025800 machine_state m3 w
5 jw0!1 machine_state "w0!1" "1.000000 0.000000 0.000000"
6 10.001800 machine_state m0 jw0!1
6 10.001800 machine_state m1 jw0!1
6 10.001800 machine_state m2 jw0!1
6 10.001800 machine_state m3 jw0!1
6 10.026400 machine_state m0 w
6 10.026400 machine_state m1 w
6 10.026400 machine_state m2 w
6 10.026400 machine_state m3 w
5 jw0!2 machine_state "w0!2" "0.218750 1.000000 0.000000"
6 100.001800 machine_state m0 jw0!2
6 100.001800 machine_state m1 jw0!2
6 100.001800 machine_state m2 jw0!2
6 100.001800 machine_state m3 jw0!2
6 100.162400 machine_state m0 w
6 100.162400 machine_state m1 w
6 100.162400 machine_state m2 w
6 100.162400 machine_state m3 w
5 jw0!3 machine_state "w0!3" "0.000000 1.000000 0.906250"
6 1000.001800 machine_state m0 jw0!3
6 1000.001800 machine_state m1 jw0!3
6 1000.001800 machine_state m2 jw0!3
6 1000.001800 machine_state m3 jw0!3
6 1000.162400 machine_state m0 w
6 1000.162400 machine_state m1 w
6 1000.162400 machine_state m2 w
6 1000.162400 machine_state m3 w
5 jw0!4 machine_state "w0!4" "1.000000 0.843750 0.000000"
6 10000.001800 machine_state m0 jw0!4
6 10000.001800 machine_state m1 jw0!4
6 10000.001800 machine_state m2 jw0!4
6 10000.001800 machine_state m3 jw0!4
6 10000.162400 machine_state m0 w
6 10000.162400 machine_state m1 w
6 10000.162400 machine_state m2 w
6 10000.162400 machine_state m3 w
5 jw0!5 machine_state "w0!5" "0.000000 1.000000 0.812500"
6 100000.001800 machine_state m0 jw0!5
6 100020.201800 machine_state m0 w
5 jw0!6 machine_state "w0!6" "1.000000 0.562500 0.000000"
6 1000000.001800 machine_state m0 jw0!6
6 1000020.201800 machine_state m0 w
5 jw0!7 machine_state "w0!7" "1.000000 0.187500 0.000000"
6 10000000.001800 machine_state m0 jw0!7
6 10000020.201800 machine_state m0 w
5 jw0!8 machine_state "w0!8" "1.000000 0.000000 0.656250"
6 100000000.001800 machine_state m0 jw0!8
6 100000020.201800 machine_state m0 w
5 jw0!9 machine_state "w0!9" "1.000000 0.468750 0.000000"
6 1000000000.001800 machine_state m0 jw0!9
6 1000000020.201800 machine_state m0 w
5 jw0!10 machine_state "w0!10" "1.000000 0.750000 0.000000"
6 10000000000.001799 machine_state m0 jw0!10
6 10000000020.201799 machine_state m0 w
5 jw0!11 machine_state "w0!11" "0.031250 1.000000 0.000000"
6 100000000000.001801 machine_state m0 jw0!11
6 100000000020.201797 machine_state m0 w
5 jw0!12 machine_state "w0!12" "0.000000 0.250000 1.000000"
6 1000000000000.001831 machine_state m0 jw0!12
6 1000000000020.201782 machine_state m0 w
5 jw0!13 machine_state "w0!13" "0.593750 0.000000 1.000000"
6 10000000000000.001953 machine_state m0 jw0!13
6 10000000000020.201172 machine_state m0 w
5 jw0!14 machine_state "w0!14" "1.000000 0.000000 0.281250"
6 100000000000000.000000 machine_state m0 jw0!14
6 100000000000020.203125 machine_state m0 w
5 jw0!15 machine_state "w0!15" "0.500000 0.000000 1.000000"
6 1000000000000000.000000 machine_state m0 jw0!15
6 1000000000000020.250000 machine_state m0 w
5 jw0!16 machine_state "w0!16" "0.593750 1.000000 0.000000"
6 10000000000000000.000000 machine_state m0 jw0!16
6 10000000000000020.000000 machine_state m0 w
5 jw0!17 machine_state "w0!17" "0.000000 1.000000 0.250000"
6 100000000000000000.000000 machine_state m0 jw0!17
6 100000000000000016.000000 machine_state m0 w

# End of events, containers destruction
3 100000000000000016.000000 m0 machine_ct
3 100000000000000016.000000 m1 machine_ct
3 100000000000000016.000000 m2 machine_ct
3 100000000000000016.000000 m3 machine_ct
3 100000000000000016.000000 m4 machine_ct
3 100000000000000016.000000 m5 machine_ct
3 100000000000000016.000000 m6 machine_ct
3 100000000000000016.000000 m7 machine_ct
3 100000000000000016.000000 m8 machine_ct
3 100000000000000016.000000 m9 machine_ct
3 100000000000000016.000000 m10 machine_ct
3 100000000000000016.000000 m11 machine_ct
3 100000000000000016.000000 m12 machine_ct
3 100000000000000016.000000 m13 machine_ct
3 100000000000000016.000000 m14 machine_ct
3 100000000000000016.000000 m15 machine_ct
3 100000000000000016.000000 m16 machine_ct
3 100000000000000016.000000 m17 machine_ct
3 100000000000000016.000000 m18 machine_ct
3 100000000000000016.000000 m19 machine_ct
3 100000000000000016.000000 m20 machine_ct
3 100000000000000016.000000 m21 machine_ct
3 100000000000000016.000000 m22 machine_ct
3 100000000000000016.000000 m23 machine_ct
3 100000000000000016.000000 m24 machine_ct
3 100000000000000016.000000 m25 machine_ct
3 100000000000000016.000000 m26 machine_ct
3 100000000000000016.000000 m27 machine_ct
3 100000000000000016.000000 m28 machine_ct
3 100000000000000016.000000 m29 machine_ct
3 100000000000000016.000000 m30 machine_ct
3 100000000000000016.000000 m31 machine_ct
3 100000000000000016.000000 m32 machine_ct
3 100000000000000016.000000 m33 machine_ct
3 100000000000000016.000000 m34 machine_ct
3 100000000000000016.000000 m35 machine_ct
3 100000000000000016.000000 m36 machine_ct
3 100000000000000016.000000 m37 machine_ct
3 100000000000000016.000000 m38 machine_ct
3 100000000000000016.000000 m39 machine_ct
3 100000000000000016.000000 m40 machine_ct
3 100000000000000016.000000 m41 machine_ct
3 100000000000000016.000000 m42 machine_ct
3 100000000000000016.000000 m43 machine_ct
3 100000000000000016.000000 m44 machine_ct
3 100000000000000016.000000 m45 machine_ct
3 100000000000000016.000000 m46 machine_ct
3 100000000000000016.000000 m47 machine_ct
3 100000000000000016.000000 m48 machine_ct
3 100000000000000016.000000 m49 machine_ct
3 100000000000000016.000000 m50 machine_ct
3 100000000000000016.000000 m51 machine_ct
3 100000000000000016.000000 m52 machine_ct
3 100000000000000016.000000 m53 machine_ct
3 100000000000000016.000000 m54 machine_ct
3 100000000000000016.000000 m55 machine_ct
3 100000000000000016.000000 m56 machine_ct
3 100000000000000016.000000 m57 machine_ct
3 100000000000000016.000000 m58 machine_ct
3 100000000000000016.000000 m59 machine_ct
3 100000000000000016.000000 m60 machine_ct
3 100000000000000016.000000 m61 machine_ct
3 100000000000000016.000000 m62 machine_ct
3 100000000000000016.000000 m63 machine_ct
3 100000000000000016.000000 m64 machine_ct
3 100000000000000016.000000 m65 machine_ct
3 100000000000000016.000000 m66 machine_ct
3 100000000000000016.000000 m67 machine_ct
3 100000000000000016.000000 m68 machine_ct
3 100000000000000016.000000 m69 machine_ct
3 100000000000000016.000000 m70 machine_ct
3 100000000000000016.000000 m71 machine_ct
3 100000000000000016.000000 m72 machine_ct
3 100000000000000016.000000 m73 machine_ct
3 100000000000000016.000000 m74 machine_ct
3 100000000000000016.000000 m75 machine_ct
3 100000000000000016.000000 m76 machine_ct
3 100000000000000016.000000 m77 machine_ct
3 100000000000000016.000000 m78 machine_ct
3 100000000000000016.000000 m79 machine_ct
3 100000000000000016.000000 m80 machine_ct
3 100000000000000016.000000 m81 machine_ct
3 100000000000000016.000000 m82 machine_ct
3 100000000000000016.000000 m83 machine_ct
3 100000000000000016.000000 m84 machine_ct
3 100000000000000016.000000 m85 machine_ct
3 100000000000000016.000000 m86 machine_ct
3 100000000000000016.000000 m87 machine_ct
3 100000000000000016.000000 m88 machine_ct
3 100000000000000016.000000 m89 machine_ct
3 100000000000000016.000000 m90 machine_ct
3 100000000000000016.000000 m91 machine_ct
3 100000000000000016.000000 m92 machine_ct
3 100000000000000016.000000 m93 machine_ct
3 100000000000000016.000000 m94 machine_ct
3 100000000000000016.000000 m95 machine_ct
3 100000000000000016.000000 m96 machine_ct
3 100000000000000016.000000 m97 machine_ct
3 100000000000000016.000000 m98 machine_ct
3 100000000000000016.000000 m99 machine_ct
3 100000000000000016.000000 m100 machine_ct
3 100000000000000016.000000 m101 machine_ct
3 100000000000000016.000000 m102 machine_ct
3 100000000000000016.000000 m103 machine_ct
3 100000000000000016.000000 m104 machine_ct
3 100000000000000016.000000 m105 machine_ct
3 100000000000000016.000000 m106 machine_ct
3 100000000000000016.000000 m107 machine_ct
3 100000000000000016.000000 m108 machine_ct
3 100000000000000016.000000 m109 machine_ct
3 100000000000000016.000000 m110 machine_ct
3 100000000000000016.000000 m111 machine_ct
3 100000000000000016.000000 m112 machine_ct
3 100000000000000016.000000 m113 machine_ct
3 100000000000000016.000000 m114 machine_ct
3 100000000000000016.000000 m115 machine_ct
3 100000000000000016.000000 m116 machine_ct
3 100000000000000016.000000 m117 machine_ct
3 100000000000000016.000000 m118 machine_ct
3 100000000000000016.000000 m119 machine_ct
3 100000000000000016.000000 m120 machine_ct
3 100000000000000016.000000 m121 machine_ct
3 100000000000000016.000000 m122 machine_ct
3 100000000000000016.000000 m123 machine_ct
3 100000000000000016.000000 m124 machine_ct
3 100000000000000016.000000 m125 machine_ct
3 100000000000000016.000000 m126 machine_ct
3 100000000000000016.000000 m127 machine_ct
3 100000000000000016.000000 m128 machine_ct
3 100000000000000016.000000 m129 machine_ct
3 100000000000000016.000000 m130 machine_ct
3 100000000000000016.000000 m131 machine_ct
3 100000000000000016.000000 m132 machine_ct
3 100000000000000016.000000 m133 machine_ct
3 100000000000000016.000000 m134 machine_ct
3 100000000000000016.000000 m135 machine_ct
3 100000000000000016.000000 m136 machine_ct
3 100000000000000016.000000 m137 machine_ct
3 100000000000000016.000000 m138 machine_ct
3 100000000000000016.000000 m139 machine_ct
3 100000000000000016.000000 m140 machine_ct
3 100000000000000016.000000 m141 machine_ct
3 100000000000000016.000000 m142 machine_ct
3 100000000000000016.000000 m143 machine_ct
3 100000000000000016.000000 m144 machine_ct
3 100000000000000016.000000 m145 machine_ct
3 100000000000000016.000000 m146 machine_ct
3 100000000000000016.000000 m147 machine_ct
3 100000000000000016.000000 m148 machine_ct
3 100000000000000016.000000 m149 machine_ct
3 100000000000000016.000000 m150 machine_ct
3 100000000000000016.000000 m151 machine_ct
3 100000000000000016.000000 m152 machine_ct
3 100000000000000016.000000 m153 machine_ct
3 100000000000000016.000000 m154 machine_ct
3 100000000000000016.000000 m155 machine_ct
3 100000000000000016.000000 m156 machine_ct
3 100000000000000016.000000 m157 machine_ct
3 100000000000000016.000000 m158 machine_ct
3 100000000000000016.000000 m159 machine_ct
3 100000000000000016.000000 m160 machine_ct
3 100000000000000016.000000 m161 machine_ct
3 100000000000000016.000000 m162 machine_ct
3 100000000000000016.000000 m163 machine_ct
3 100000000000000016.000000 m164 machine_ct
3 100000000000000016.000000 m165 machine_ct
3 100000000000000016.000000 m166 machine_ct
3 100000000000000016.000000 m167 machine_ct
3 100000000000000016.000000 m168 machine_ct
3 100000000000000016.000000 m169 machine_ct
3 100000000000000016.000000 m170 machine_ct
3 100000000000000016.000000 m171 machine_ct
3 100000000000000016.000000 m172 machine_ct
3 100000000000000016.000000 m173 machine_ct
3 100000000000000016.000000 m174 machine_ct
3 100000000000000016.000000 m175 machine_ct
3 100000000000000016.000000 m176 machine_ct
3 100000000000000016.000000 m177 machine_ct
3 100000000000000016.000000 m178 machine_ct
3 100000000000000016.000000 m179 machine_ct
3 100000000000000016.000000 m180 machine_ct
3 100000000000000016.000000 m181 machine_ct
3 100000000000000016.000000 m182 machine_ct
3 100000000000000016.000000 m183 machine_ct
3 100000000000000016.000000 m184 machine_ct
3 100000000000000016.000000 m185 machine_ct
3 100000000000000016.000000 m186 machine_ct
3 100000000000000016.000000 m187 machine_ct
3 100000000000000016.000000 m188 machine_ct
3 100000000000000016.000000 m189 machine_ct
3 100000000000000016.000000 m190 machine_ct
3 100000000000000016.000000 m191 machine_ct
3 100000000000000016.000000 m192 machine_ct
3 100000000000000016.000000 m193 machine_ct
3 100000000000000016.000000 m194 machine_ct
3 100000000000000016.000000 m195 machine_ct
3 100000000000000016.000000 m196 machine_ct
3 100000000000000016.000000 m197 machine_ct
3 100000000000000016.000000 m198 machine_ct
3 100000000000000016.000000 m199 machine_ct
3 100000000000000016.000000 m200 machine_ct
3 100000000000000016.000000 m201 machine_ct
3 100000000000000016.000000 m202 machine_ct
3 100000000000000016.000000 m203 machine_ct
3 100000000000000016.000000 m204 machine_ct
3 100000000000000016.000000 m205 machine_ct
3 100000000000000016.000000 m206 machine_ct
3 100000000000000016.000000 m207 machine_ct
3 100000000000000016.000000 m208 machine_ct
3 100000000000000016.000000 m209 machine_ct
3 100000000000000016.000000 m210 machine_ct
3 100000000000000016.000000 m211 machine_ct
3 100000000000000016.000000 m212 machine_ct
3 100000000000000016.000000 m213 machine_ct
3 100000000000000016.000000 m214 machine_ct
3 100000000000000016.000000 m215 machine_ct
3 100000000000000016.000000 m216 machine_ct
3 100000000000000016.000000 m217 machine_ct
3 100000000000000016.000000 m218 machine_ct
3 100000000000000016.000000 m219 machine_ct
3 100000000000000016.000000 m220 machine_ct
3 100000000000000016.000000 m221 machine_ct
3 100000000000000016.000000 m222 machine_ct
3 100000000000000016.000000 m223 machine_ct
3 100000000000000016.000000 m224 machine_ct
3 100000000000000016.000000 m225 machine_ct
3 100000000000000016.000000 m226 machine_ct
3 100000000000000016.000000 m227 machine_ct
3 100000000000000016.000000 m228 machine_ct
3 100000000000000016.000000 m229 machine_ct
3 100000000000000016.000000 m230 machine_ct
3 100000000000000016.000000 m231 machine_ct
3 100000000000000016.000000 m232 machine_ct
3 100000000000000016.000000 m233 machine_ct
3 100000000000000016.000000 m234 machine_ct
3 100000000000000016.000000 m235 machine_ct
3 100000000000000016.000000 m236 machine_ct
3 100000000000000016.000000 m237 machine_ct
3 100000000000000016.000000 m238 machine_ct
3 100000000000000016.000000 m239 machine_ct
3 100000000000000016.000000 m240 machine_ct
3 100000000000000016.000000 m241 machine_ct
3 100000000000000016.000000 m242 machine_ct
3 100000000000000016.000000 m243 machine_ct
3 100000000000000016.000000 m244 machine_ct
3 100000000000000016.000000 m245 machine_ct
3 100000000000000016.000000 m246 machine_ct
3 100000000000000016.000000 m247 machine_ct
3 100000000000000016.000000 m248 machine_ct
3 100000000000000016.000000 m249 machine_ct
3 100000000000000016.000000 m250 machine_ct
3 100000000000000016.000000 m251 machine_ct
3 100000000000000016.000000 m252 machine_ct
3 100000000000000016.000000 m253 machine_ct
3 100000000000000016.000000 m254 machine_ct
3 100000000000000016.000000 m255 machine_ct
3 100000000000000016.000000 m256 machine_ct
3 100000000000000016.000000 m257 machine_ct
3 100000000000000016.000000 m258 machine_ct
3 100000000000000016.000000 m259 machine_ct
3 100000000000000016.000000 m260 machine_ct
3 100000000000000016.000000 m261 machine_ct
3 100000000000000016.000000 m262 machine_ct
3 100000000000000016.000000 m263 machine_ct
3 100000000000000016.000000 m264 machine_ct
3 100000000000000016.000000 m265 machine_ct
3 100000000000000016.000000 m266 machine_ct
3 100000000000000016.000000 m267 machine_ct
3 100000000000000016.000000 m268 machine_ct
3 100000000000000016.000000 m269 machine_ct
3 100000000000000016.000000 m270 machine_ct
3 100000000000000016.000000 m271 machine_ct
3 100000000000000016.000000 m272 machine_ct
3 100000000000000016.000000 m273 machine_ct
3 100000000000000016.000000 m274 machine_ct
3 100000000000000016.000000 m275 machine_ct
3 100000000000000016.000000 m276 machine_ct
3 100000000000000016.000000 m277 machine_ct
3 100000000000000016.000000 m278 machine_ct
3 100000000000000016.000000 m279 machine_ct
3 100000000000000016.000000 m280 machine_ct
3 100000000000000016.000000 m281 machine_ct
3 100000000000000016.000000 m282 machine_ct
3 100000000000000016.000000 m283 machine_ct
3 100000000000000016.000000 m284 machine_ct
3 100000000000000016.000000 m285 machine_ct
3 100000000000000016.000000 m286 machine_ct
3 100000000000000016.000000 m287 machine_ct
3 100000000000000016.000000 m288 machine_ct
3 100000000000000016.000000 m289 machine_ct
3 100000000000000016.000000 m290 machine_ct
3 100000000000000016.000000 m291 machine_ct
3 100000000000000016.000000 m292 machine_ct
3 100000000000000016.000000 m293 machine_ct
3 100000000000000016.000000 m294 machine_ct
3 100000000000000016.000000 m295 machine_ct
3 100000000000000016.000000 m296 machine_ct
3 100000000000000016.000000 m297 machine_ct
3 100000000000000016.000000 m298 machine_ct
3 100000000000000016.000000 m299 machine_ct
3 100000000000000016.000000 m300 machine_ct
3 100000000000000016.000000 m301 machine_ct
3 100000000000000016.000000 m302 machine_ct
3 100000000000000016.000000 m303 machine_ct
3 100000000000000016.000000 m304 machine_ct
3 100000000000000016.000000 m305 machine_ct
3 100000000000000016.000000 m306 machine_ct
3 100000000000000016.000000 m307 machine_ct
3 100000000000000016.000000 m308 machine_ct
3 100000000000000016.000000 m309 machine_ct
3 100000000000000016.000000 m310 machine_ct
3 100000000000000016.000000 m311 machine_ct
3 100000000000000016.000000 m312 machine_ct
3 100000000000000016.000000 m313 machine_ct
3 100000000000000016.000000 m314 machine_ct
3 100000000000000016.000000 m315 machine_ct
3 100000000000000016.000000 m316 machine_ct
3 100000000000000016.000000 m317 machine_ct
3 100000000000000016.000000 m318 machine_ct
3 100000000000000016.000000 m319 machine_ct
3 100000000000000016.000000 m320 machine_ct
3 100000000000000016.000000 m321 machine_ct
3 100000000000000016.000000 m322 machine_ct
3 100000000000000016.000000 m323 machine_ct
3 100000000000000016.000000 m324 machine_ct
3 100000000000000016.000000 m325 machine_ct
3 100000000000000016.000000 m326 machine_ct
3 100000000000000016.000000 m327 machine_ct
3 100000000000000016.000000 m328 machine_ct
3 100000000000000016.000000 m329 machine_ct
3 100000000000000016.000000 m330 machine_ct
3 100000000000000016.000000 m331 machine_ct
3 100000000000000016.000000 m332 machine_ct
3 100000000000000016.000000 m333 machine_ct
3 100000000000000016.000000 m334 machine_ct
3 100000000000000016.000000 m335 machine_ct
3 100000000000000016.000000 m336 machine_ct
3 100000000000000016.000000 m337 machine_ct
3 100000000000000016.000000 m338 machine_ct
3 100000000000000016.000000 m339 machine_ct
3 100000000000000016.000000 m340 machine_ct
3 100000000000000016.000000 m341 machine_ct
3 100000000000000016.000000 m342 machine_ct
3 100000000000000016.000000 m343 machine_ct
3 100000000000000016.000000 m344 machine_ct
3 100000000000000016.000000 m345 machine_ct
3 100000000000000016.000000 m346 machine_ct
3 100000000000000016.000000 m347 machine_ct
3 100000000000000016.000000 m348 machine_ct
3 100000000000000016.000000 m349 machine_ct
3 100000000000000016.000000 m350 machine_ct
3 100000000000000016.000000 m351 machine_ct
3 100000000000000016.000000 m352 machine_ct
3 100000000000000016.000000 m353 machine_ct
3 100000000000000016.000000 m354 machine_ct
3 100000000000000016.000000 m355 machine_ct
3 100000000000000016.000000 m356 machine_ct
3 100000000000000016.000000 m357 machine_ct
3 100000000000000016.000000 m358 machine_ct
3 100000000000000016.000000 m359 machine_ct
3 100000000000000016.000000 m360 machine_ct
3 100000000000000016.000000 m361 machine_ct
3 100000000000000016.000000 m362 machine_ct
3 100000000000000016.000000 m363 machine_ct
3 100000000000000016.000000 m364 machine_ct
3 100000000000000016.000000 m365 machine_ct
3 100000000000000016.000000 m366 machine_ct
3 100000000000000016.000000 m367 machine_ct
3 100000000000000016.000000 m368 machine_ct
3 100000000000000016.000000 m369 machine_ct
3 100000000000000016.000000 m370 machine_ct
3 100000000000000016.000000 m371 machine_ct
3 100000000000000016.000000 m372 machine_ct
3 100000000000000016.000000 m373 machine_ct
3 100000000000000016.000000 m374 machine_ct
3 100000000000000016.000000 m375 machine_ct
3 100000000000000016.000000 m376 machine_ct
3 100000000000000016.000000 m377 machine_ct
3 100000000000000016.000000 m378 machine_ct
3 100000000000000016.000000 m379 machine_ct
3 100000000000000016.000000 m380 machine_ct
3 100000000000000016.000000 m381 machine_ct
3 100000000000000016.000000 m382 machine_ct
3 100000000000000016.000000 m383 machine_ct
3 100000000000000016.000000 m384 machine_ct
3 100000000000000016.000000 m385 machine_ct
3 100000000000000016.000000 m386 machine_ct
3 100000000000000016.000000 m387 machine_ct
3 100000000000000016.000000 m388 machine_ct
3 100000000000000016.000000 m389 machine_ct
3 100000000000000016.000000 m390 machine_ct
3 100000000000000016.000000 m391 machine_ct
3 100000000000000016.000000 m392 machine_ct
3 100000000000000016.000000 m393 machine_ct
3 100000000000000016.000000 m394 machine_ct
3 100000000000000016.000000 m395 machine_ct
3 100000000000000016.000000 m396 machine_ct
3 100000000000000016.000000 m397 machine_ct
3 100000000000000016.000000 m398 machine_ct
3 100000000000000016.000000 m399 machine_ct
3 100000000000000016.000000 m400 machine_ct
3 100000000000000016.000000 m401 machine_ct
3 100000000000000016.000000 m402 machine_ct
3 100000000000000016.000000 m403 machine_ct
3 100000000000000016.000000 m404 machine_ct
3 100000000000000016.000000 m405 machine_ct
3 100000000000000016.000000 m406 machine_ct
3 100000000000000016.000000 m407 machine_ct
3 100000000000000016.000000 m408 machine_ct
3 100000000000000016.000000 m409 machine_ct
3 100000000000000016.000000 m410 machine_ct
3 100000000000000016.000000 m411 machine_ct
3 100000000000000016.000000 m412 machine_ct
3 100000000000000016.000000 m413 machine_ct
3 100000000000000016.000000 m414 machine_ct
3 100000000000000016.000000 m415 machine_ct
3 100000000000000016.000000 m416 machine_ct
3 100000000000000016.000000 m417 machine_ct
3 100000000000000016.000000 m418 machine_ct
3 100000000000000016.000000 m419 machine_ct
3 100000000000000016.000000 m420 machine_ct
3 100000000000000016.000000 m421 machine_ct
3 100000000000000016.000000 m422 machine_ct
3 100000000000000016.000000 m423 machine_ct
3 100000000000000016.000000 m424 machine_ct
3 100000000000000016.000000 m425 machine_ct
3 100000000000000016.000000 m426 machine_ct
3 100000000000000016.000000 m427 machine_ct
3 100000000000000016.000000 m428 machine_ct
3 100000000000000016.000000 m429 machine_ct
3 100000000000000016.000000 m430 machine_ct
3 100000000000000016.000000 m431 machine_ct
3 100000000000000016.000000 m432 machine_ct
3 100000000000000016.000000 m433 machine_ct
3 100000000000000016.000000 m434 machine_ct
3 100000000000000016.000000 m435 machine_ct
3 100000000000000016.000000 m436 machine_ct
3 100000000000000016.000000 m437 machine_ct
3 100000000000000016.000000 m438 machine_ct
3 100000000000000016.000000 m439 machine_ct
3 100000000000000016.000000 m440 machine_ct
3 100000000000000016.000000 m441 machine_ct
3 100000000000000016.000000 m442 machine_ct
3 100000000000000016.000000 m443 machine_ct
3 100000000000000016.000000 m444 machine_ct
3 100000000000000016.000000 m445 machine_ct
3 100000000000000016.000000 m446 machine_ct
3 100000000000000016.000000 m447 machine_ct
3 100000000000000016.000000 m448 machine_ct
3 100000000000000016.000000 m449 machine_ct
3 100000000000000016.000000 m450 machine_ct
3 100000000000000016.000000 m451 machine_ct
3 100000000000000016.000000 m452 machine_ct
3 100000000000000016.000000 m453 machine_ct
3 100000000000000016.000000 m454 machine_ct
3 100000000000000016.000000 m455 machine_ct
3 100000000000000016.000000 m456 machine_ct
3 100000000000000016.000000 m457 machine_ct
3 100000000000000016.000000 m458 machine_ct
3 100000000000000016.000000 m459 machine_ct
3 100000000000000016.000000 m460 machine_ct
3 100000000000000016.000000 m461 machine_ct
3 100000000000000016.000000 m462 machine_ct
3 100000000000000016.000000 m463 machine_ct
3 100000000000000016.000000 m464 machine_ct
3 100000000000000016.000000 m465 machine_ct
3 100000000000000016.000000 m466 machine_ct
3 100000000000000016.000000 m467 machine_ct
3 100000000000000016.000000 m468 machine_ct
3 100000000000000016.000000 m469 machine_ct
3 100000000000000016.000000 m470 machine_ct
3 100000000000000016.000000 m471 machine_ct
3 100000000000000016.000000 m472 machine_ct
3 100000000000000016.000000 m473 machine_ct
3 100000000000000016.000000 m474 machine_ct
3 100000000000000016.000000 m475 machine_ct
3 100000000000000016.000000 m476 machine_ct
3 100000000000000016.000000 m477 machine_ct
3 100000000000000016.000000 m478 machine_ct
3 100000000000000016.000000 m479 machine_ct
3 100000000000000016.000000 m480 machine_ct
3 100000000000000016.000000 m481 machine_ct
3 100000000000000016.000000 m482 machine_ct
3 100000000000000016.000000 m483 machine_ct
3 100000000000000016.000000 m484 machine_ct
3 100000000000000016.000000 m485 machine_ct
3 100000000000000016.000000 m486 machine_ct
3 100000000000000016.000000 m487 machine_ct
3 100000000000000016.000000 m488 machine_ct
3 100000000000000016.000000 m489 machine_ct
3 100000000000000016.000000 m490 machine_ct
3 100000000000000016.000000 m491 machine_ct
3 100000000000000016.000000 m492 machine_ct
3 100000000000000016.000000 m493 machine_ct
3 100000000000000016.000000 m494 machine_ct
3 100000000000000016.000000 m495 machine_ct
3 100000000000000016.000000 m496 machine_ct
3 100000000000000016.000000 m497 machine_ct
3 100000000000000016.000000 m498 machine_ct
3 100000000000000016.000000 m499 machine_ct
3 100000000000000016.000000 m500 machine_ct
3 100000000000000016.000000 m501 machine_ct
3 100000000000000016.000000 m502 machine_ct
3 100000000000000016.000000 m503 machine_ct
3 100000000000000016.000000 m504 machine_ct
3 100000000000000016.000000 m505 machine_ct
3 100000000000000016.000000 m506 machine_ct
3 100000000000000016.000000 m507 machine_ct
3 100000000000000016.000000 m508 machine_ct
3 100000000000000016.000000 m509 machine_ct
3 100000000000000016.000000 m510 machine_ct
3 100000000000000016.000000 m511 machine_ct
3 100000000000000016.000000 root root_ct
